.next/types/validator.ts(185,11): error TS1360: Type 'typeof import("C:/Users/kissr/Projects/youtube-organizer/src/app/api/videos/[id]/route")' does not satisfy the expected type 'RouteHandlerConfig<"/api/videos/[id]">'.
  Types of property 'GET' are incompatible.
    Type '(request: NextRequest, { params }: { params: { id: string; }; }) => Promise<NextResponse<{ error: string; }> | NextResponse<{ categories: ({ category: { name: string; id: string; userId: string; createdAt: Date; updatedAt: Date; description: string | null; color: string | null; }; } & { ...; })[]; tags: ({ ...; } & ...' is not assignable to type '(request: NextRequest, context: { params: Promise<{ id: string; }>; }) => void | Response | Promise<void | Response>'.
      Types of parameters '__1' and 'context' are incompatible.
        Type '{ params: Promise<{ id: string; }>; }' is not assignable to type '{ params: { id: string; }; }'.
          Types of property 'params' are incompatible.
            Property 'id' is missing in type 'Promise<{ id: string; }>' but required in type '{ id: string; }'.
.next/types/validator.ts(191,11): error TS1360: Type 'typeof import("C:/Users/kissr/Projects/youtube-organizer/src/app/api/videos/[id]/summary/route")' does not satisfy the expected type 'RouteHandlerConfig<"/api/videos/[id]/summary">'.
  Types of property 'GET' are incompatible.
    Type '(request: NextRequest, { params }: { params: { id: string; }; }) => Promise<NextResponse<any>>' is not assignable to type '(request: NextRequest, context: { params: Promise<{ id: string; }>; }) => void | Response | Promise<void | Response>'.
      Types of parameters '__1' and 'context' are incompatible.
        Type '{ params: Promise<{ id: string; }>; }' is not assignable to type '{ params: { id: string; }; }'.
          Types of property 'params' are incompatible.
            Property 'id' is missing in type 'Promise<{ id: string; }>' but required in type '{ id: string; }'.
.next/types/validator.ts(203,11): error TS1360: Type 'typeof import("C:/Users/kissr/Projects/youtube-organizer/src/app/api/videos/[id]/transcript/route")' does not satisfy the expected type 'RouteHandlerConfig<"/api/videos/[id]/transcript">'.
  Types of property 'GET' are incompatible.
    Type '(request: NextRequest, { params }: { params: { id: string; }; }) => Promise<NextResponse<{ error: string; }> | NextResponse<{ transcript: any[]; text: string; source: string; videoId: string; itemCount: number; textLength: number; cached: boolean; }> | NextResponse<...>>' is not assignable to type '(request: NextRequest, context: { params: Promise<{ id: string; }>; }) => void | Response | Promise<void | Response>'.
      Types of parameters '__1' and 'context' are incompatible.
        Type '{ params: Promise<{ id: string; }>; }' is not assignable to type '{ params: { id: string; }; }'.
          Types of property 'params' are incompatible.
            Property 'id' is missing in type 'Promise<{ id: string; }>' but required in type '{ id: string; }'.
src/lib/auth.ts(44,44): error TS2339: Property 'sub' does not exist on type 'never'.
src/lib/auth.ts(46,15): error TS2339: Property 'id' does not exist on type 'never'.
src/lib/auth.ts(46,26): error TS2339: Property 'sub' does not exist on type 'never'.
